// Jest Snapshot v1, https://goo.gl/fbAQLP

exports[`BaseButton has a valid snapshot 1`] = `
<button
  className=""
  type="button"
>
  base button
</button>
`;
