// Jest Snapshot v1, https://goo.gl/fbAQLP

exports[`Header has valid snapshot 1`] = `
<div
  className="header"
>
  <div
    className="header-container"
  >
    <h1>
      Words in the 
      <span
        className="orange"
      >
        Bible
      </span>
    </h1>
    <p>
      Search the word you choose in Bible translations.
    </p>
  </div>
</div>
`;
